// Jest Snapshot v1, https://goo.gl/fbAQLP

exports[`feature - <Domain /> renders 1`] = `
<ContextProvider
  value={
    Object {
      "store": DomainStore {
        "entities": undefined,
        "error": undefined,
        "status": "idle",
      },
    }
  }
>
  <inject-with-domain(Domain) />
</ContextProvider>
`;
